// Vitest Snapshot v1, https://vitest.dev/guide/snapshot.html

exports[`parseInputPart1 1`] = `
[
  {
    "bid": 765,
    "cards": [
      "3",
      "2",
      "T",
      "3",
      "K",
    ],
    "rank": 1,
  },
  {
    "bid": 684,
    "cards": [
      "T",
      "5",
      "5",
      "J",
      "5",
    ],
    "rank": 3,
  },
  {
    "bid": 28,
    "cards": [
      "K",
      "K",
      "6",
      "7",
      "7",
    ],
    "rank": 2,
  },
  {
    "bid": 220,
    "cards": [
      "K",
      "T",
      "J",
      "J",
      "T",
    ],
    "rank": 2,
  },
  {
    "bid": 483,
    "cards": [
      "Q",
      "Q",
      "Q",
      "J",
      "A",
    ],
    "rank": 3,
  },
]
`;
